[33mÔØ»[39m Building...
[32mÔ£ö[39m Building...
[1mInitial chunk files[22m[2m | [22m[1mNames[22m                     [2m | [22m [1mRaw size[22m[2m | [22m[1mEstimated transfer size[22m
[32mchunk-EM3ZRIX7.js[39m  [2m | [22m[2m-[22m                         [2m | [22m[36m170.97 kB[39m[2m | [22m               [36m50.65 kB[39m
[32mchunk-2RDT3EUP.js[39m  [2m | [22m[2m-[22m                         [2m | [22m[36m147.15 kB[39m[2m | [22m               [36m37.84 kB[39m
[32mmain-M3AO6ZP5.js[39m   [2m | [22m[2mmain[22m                      [2m | [22m[36m118.90 kB[39m[2m | [22m               [36m29.93 kB[39m
[32mchunk-SRKNSAZZ.js[39m  [2m | [22m[2m-[22m                         [2m | [22m [36m73.99 kB[39m[2m | [22m               [36m20.90 kB[39m
[32mchunk-I7XPFDRL.js[39m  [2m | [22m[2m-[22m                         [2m | [22m [36m49.57 kB[39m[2m | [22m                [36m9.88 kB[39m
[32mchunk-3JGVWXL2.js[39m  [2m | [22m[2m-[22m                         [2m | [22m  [36m5.55 kB[39m[2m | [22m                [36m1.67 kB[39m
[32mchunk-I33LIEPK.js[39m  [2m | [22m[2m-[22m                         [2m | [22m  [36m3.92 kB[39m[2m | [22m                [36m1.33 kB[39m
[32mstyles-JGW7V6DS.css[39m[2m | [22m[2mstyles[22m                    [2m | [22m  [36m3.34 kB[39m[2m | [22m              [36m938 bytes[39m
[32mchunk-3UHDICED.js[39m  [2m | [22m[2m-[22m                         [2m | [22m  [36m3.31 kB[39m[2m | [22m                [36m1.30 kB[39m
[32mchunk-6YTSQYAV.js[39m  [2m | [22m[2m-[22m                         [2m | [22m  [36m2.92 kB[39m[2m | [22m                [36m1.18 kB[39m
[32mchunk-NUIP4RYJ.js[39m  [2m | [22m[2m-[22m                         [2m | [22m  [36m2.77 kB[39m[2m | [22m              [36m929 bytes[39m
[32mchunk-76H2EXJV.js[39m  [2m | [22m[2m-[22m                         [2m | [22m  [36m1.91 kB[39m[2m | [22m              [36m869 bytes[39m
[32mchunk-C3DVL3LC.js[39m  [2m | [22m[2m-[22m                         [2m | [22m  [36m1.55 kB[39m[2m | [22m              [36m589 bytes[39m
[32mchunk-45OHQ62G.js[39m  [2m | [22m[2m-[22m                         [2m | [22m  [36m1.20 kB[39m[2m | [22m              [36m577 bytes[39m
[32mchunk-QG2ET6JL.js[39m  [2m | [22m[2m-[22m                         [2m | [22m[36m900 bytes[39m[2m | [22m              [36m900 bytes[39m
[32mchunk-5K43PNPZ.js[39m  [2m | [22m[2m-[22m                         [2m | [22m[36m660 bytes[39m[2m | [22m              [36m660 bytes[39m
[32mchunk-DXLA6ASG.js[39m  [2m | [22m[2m-[22m                         [2m | [22m[36m550 bytes[39m[2m | [22m              [36m550 bytes[39m

[1m [22m                  [2m | [22m[1mInitial total[22m             [2m | [22m[1m[93m589.15 kB[39m[22m[2m | [22m              [1m160.71 kB[22m

[1mLazy chunk files[22m   [2m | [22m[1mNames[22m                     [2m | [22m [1mRaw size[22m[2m | [22m[1mEstimated transfer size[22m
[32mchunk-EWZOHRMW.js[39m  [2m | [22m[2mvehiculos-component[22m       [2m | [22m [36m74.75 kB[39m[2m | [22m               [36m14.68 kB[39m
[32mchunk-T6JUJID3.js[39m  [2m | [22m[2mmensajes-container[22m        [2m | [22m [36m74.46 kB[39m[2m | [22m               [36m17.14 kB[39m
[32mchunk-KUYFNLOI.js[39m  [2m | [22m[2mmi-cuenta-component[22m       [2m | [22m [36m72.84 kB[39m[2m | [22m               [36m15.30 kB[39m
[32mchunk-WELDNOMG.js[39m  [2m | [22m[2msearch-component[22m          [2m | [22m [36m71.59 kB[39m[2m | [22m               [36m14.81 kB[39m
[32mchunk-HQGKUKQH.js[39m  [2m | [22m[2mcheckout-component[22m        [2m | [22m [36m69.15 kB[39m[2m | [22m               [36m15.91 kB[39m
[32mchunk-HSKMOMWR.js[39m  [2m | [22m[2mbrowser[22m                   [2m | [22m [36m67.77 kB[39m[2m | [22m               [36m17.78 kB[39m
[32mchunk-ICMJO6LR.js[39m  [2m | [22m[2mpublish-producto-component[22m[2m | [22m [36m53.84 kB[39m[2m | [22m               [36m13.03 kB[39m
[32mchunk-CPRWH4FP.js[39m  [2m | [22m[2m-[22m                         [2m | [22m [36m45.46 kB[39m[2m | [22m               [36m11.12 kB[39m
[32mchunk-WCNXGUHL.js[39m  [2m | [22m[2mproducto-detail-component[22m [2m | [22m [36m39.63 kB[39m[2m | [22m                [36m9.40 kB[39m
[32mchunk-4YAM2UPG.js[39m  [2m | [22m[2moferta-detail-component[22m   [2m | [22m [36m38.90 kB[39m[2m | [22m                [36m9.62 kB[39m
[32mchunk-7O4TLSBJ.js[39m  [2m | [22m[2mpublish-vehiculo-component[22m[2m | [22m [36m33.96 kB[39m[2m | [22m                [36m8.44 kB[39m
[32mchunk-CDUHTSEQ.js[39m  [2m | [22m[2mpublish-oferta-component[22m  [2m | [22m [36m29.50 kB[39m[2m | [22m                [36m8.45 kB[39m
[32mchunk-NSNY37LD.js[39m  [2m | [22m[2mregister-component[22m        [2m | [22m [36m25.67 kB[39m[2m | [22m                [36m7.28 kB[39m
[32mchunk-GMN76ILK.js[39m  [2m | [22m[2mperfil-publico-component[22m  [2m | [22m [36m23.80 kB[39m[2m | [22m                [36m6.00 kB[39m
[32mchunk-BS4PXS6C.js[39m  [2m | [22m[2mhome-component[22m            [2m | [22m [36m22.39 kB[39m[2m | [22m                [36m5.86 kB[39m
[2m...and 44 more lazy chunks files. Use "--verbose" to show all the files.[22m

Application bundle generation failed. [6.770 seconds] - 2026-03-26T12:14:41.574Z

node.exe : [1m[33m[33mÔû▓ 
[43;33m[[43;30mWARNING[43;33m][0m 
[1mbundle initial exceeded maximum 
budget. Budget 500.00 kB was not met 
by 89.15 kB with a total of 589.15 
kB.[0m
En C:\Users\josem\AppData\Roaming\npm\
ng.ps1: 24 Carácter: 5
+     & "node$exe"  "$basedir/node_mod
ules/@angular/cli/bin/ng.js" $arg ...
+     ~~~~~~~~~~~~~~~~~~~~~~~~~~~~~~~~
~~~~~~~~~~~~~~~~~~~~~~~~~~~~~~~~~
    + CategoryInfo          : 
NotSpeci    fied: ([1m[33m[33mÔ... 
589.15 k    B.[0m:String) [], 
RemoteException
    + FullyQualifiedErrorId : 
NativeCo    mmandError
 


[33mÔû▓ 
[43;33m[[43;30mWARNING[43;33m][0m 
[1msrc/app/components/marketplace/pub
lish-producto/publish-producto.compone
nt.css exceeded maximum budget. 
Budget 10.00 kB was not met by 7.01 
kB with a total of 17.01 kB.[0m


[33mÔû▓ 
[43;33m[[43;30mWARNING[43;33m][0m 
[1msrc/app/components/mensajes/chat-p
anel/chat-panel.css exceeded maximum 
budget. Budget 10.00 kB was not met 
by 4.30 kB with a total of 14.30 
kB.[0m


[33mÔû▓ 
[43;33m[[43;30mWARNING[43;33m][0m 
[1msrc/app/components/perfil/configur
acion/configuracion.component.css 
exceeded maximum budget. Budget 10.00 
kB was not met by 1.05 kB with a 
total of 11.05 kB.[0m


[33mÔû▓ 
[43;33m[[43;30mWARNING[43;33m][0m 
[1msrc/app/components/ofertas/oferta-
detail/oferta-detail.component.css 
exceeded maximum budget. Budget 10.00 
kB was not met by 1.60 kB with a 
total of 11.60 kB.[0m


[33mÔû▓ 
[43;33m[[43;30mWARNING[43;33m][0m 
[1msrc/app/components/search/search.c
omponent.css exceeded maximum budget. 
Budget 10.00 kB was not met by 19.72 
kB with a total of 29.72 kB.[0m


[33mÔû▓ 
[43;33m[[43;30mWARNING[43;33m][0m 
[1msrc/app/shared/components/marketpl
ace/producto-detail/producto-detail.co
mponent.css exceeded maximum budget. 
Budget 10.00 kB was not met by 1.20 
kB with a total of 11.20 kB.[0m


[33mÔû▓ 
[43;33m[[43;30mWARNING[43;33m][0m 
[1msrc/app/components/compras/checkou
t/checkout.component.css exceeded 
maximum budget. Budget 10.00 kB was 
not met by 9.58 kB with a total of 
19.58 kB.[0m


[33mÔû▓ 
[43;33m[[43;30mWARNING[43;33m][0m 
[1msrc/app/components/search/search.c
omponent.css exceeded maximum budget. 
Budget 10.00 kB was not met by 28.05 
kB with a total of 38.05 kB.[0m


[33mÔû▓ 
[43;33m[[43;30mWARNING[43;33m][0m 
[1msrc/app/components/perfil/mi-cuent
a/mi-cuenta.component.css exceeded 
maximum budget. Budget 10.00 kB was 
not met by 8.99 kB with a total of 
18.99 kB.[0m


[33mÔû▓ 
[43;33m[[43;30mWARNING[43;33m][0m 
[1mModule '@stomp/stompjs' used by 's
rc/app/core/services/websocket.service
.ts' is not ESM[0m

  CommonJS or AMD dependencies can 
cause optimization bailouts.
  For more information see: [4mhttps:
//angular.dev/tools/cli/build#configur
ing-commonjs-dependencies[0m


[33mÔû▓ 
[43;33m[[43;30mWARNING[43;33m][0m 
[1mModule 'sockjs-client' used by 'sr
c/app/core/services/websocket.service.
ts' is not ESM[0m

  CommonJS or AMD dependencies can 
cause optimization bailouts.
  For more information see: [4mhttps:
//angular.dev/tools/cli/build#configur
ing-commonjs-dependencies[0m

[39m[22m
[1m[31m[31mX 
[41;31m[[41;97mERROR[41;31m][0m [
1msrc/app/components/search/search.com
ponent.css exceeded maximum budget. 
Budget 30.00 kB was not met by 8.05 
kB with a total of 38.05 kB.[0m

[39m[22m
